main.cpp:397:13:void Reset_Filters()	16	static
MEKFcRP.hpp:17:2:MEKFcRP::MEKFcRP()	8	static
MEKFcRP.hpp:125:7:void MEKFcRP::updateIMU(float*, float*, float)	712	static
main.cpp:360:6:void SystemClock_Config()	112	static,ignoring_inline_asm
main.cpp:408:7:float atan2d_snf(float, float)	16	static
main.cpp:443:6:void calc_zyx()	16	static
main.cpp:463:6:void calc_zxy()	16	static
main.cpp:142:5:int main()	104	static,ignoring_inline_asm
main.cpp:483:7:float mapArduino(float, float, float, float, float)	24	static
main.cpp:493:6:void Error_Handler()	0	static,ignoring_inline_asm
main.cpp:500:1:cpp)	8	static
