../MPU/inv_mpu_dmp_motion_driver.c:511:5:dmp_load_motion_driver_firmware	8	static
../MPU/inv_mpu_dmp_motion_driver.c:524:5:dmp_set_orientation	48	static
../MPU/inv_mpu_dmp_motion_driver.c:579:5:dmp_set_gyro_bias	88	static
../MPU/inv_mpu_dmp_motion_driver.c:631:5:dmp_set_accel_bias	120	static,ignoring_inline_asm
../MPU/inv_mpu_dmp_motion_driver.c:684:5:dmp_set_fifo_rate	48	static
../MPU/inv_mpu_dmp_motion_driver.c:710:5:dmp_get_fifo_rate	16	static
../MPU/inv_mpu_dmp_motion_driver.c:722:5:dmp_set_tap_thresh	40	static
../MPU/inv_mpu_dmp_motion_driver.c:788:5:dmp_set_tap_axes	24	static
../MPU/inv_mpu_dmp_motion_driver.c:806:5:dmp_set_tap_count	24	static
../MPU/inv_mpu_dmp_motion_driver.c:824:5:dmp_set_tap_time	32	static
../MPU/inv_mpu_dmp_motion_driver.c:840:5:dmp_set_tap_time_multi	32	static
../MPU/inv_mpu_dmp_motion_driver.c:858:5:dmp_set_shake_reject_thresh	24	static
../MPU/inv_mpu_dmp_motion_driver.c:877:5:dmp_set_shake_reject_time	32	static
../MPU/inv_mpu_dmp_motion_driver.c:895:5:dmp_set_shake_reject_timeout	32	static
../MPU/inv_mpu_dmp_motion_driver.c:910:5:dmp_get_pedometer_step_count	24	static
../MPU/inv_mpu_dmp_motion_driver.c:931:5:dmp_set_pedometer_step_count	24	static
../MPU/inv_mpu_dmp_motion_driver.c:947:5:dmp_get_pedometer_walk_time	24	static
../MPU/inv_mpu_dmp_motion_driver.c:967:5:dmp_set_pedometer_walk_time	24	static
../MPU/inv_mpu_dmp_motion_driver.c:997:5:dmp_enable_feature	40	static
../MPU/inv_mpu_dmp_motion_driver.c:1119:5:dmp_get_enabled_features	16	static
../MPU/inv_mpu_dmp_motion_driver.c:1134:5:dmp_enable_gyro_cal	48	static
../MPU/inv_mpu_dmp_motion_driver.c:1152:5:dmp_enable_lp_quat	24	static
../MPU/inv_mpu_dmp_motion_driver.c:1176:5:dmp_enable_6x_lp_quat	24	static
../MPU/inv_mpu_dmp_motion_driver.c:1197:12:decode_gesture	32	static
../MPU/inv_mpu_dmp_motion_driver.c:1229:5:dmp_set_interrupt_mode	48	static
../MPU/inv_mpu_dmp_motion_driver.c:1268:5:dmp_read_fifo	88	static
../MPU/inv_mpu_dmp_motion_driver.c:1361:5:dmp_register_tap_cb	16	static
../MPU/inv_mpu_dmp_motion_driver.c:1372:5:dmp_register_android_orient_cb	16	static
