MPU6050.cpp:19:9:uint8_t MPU6050_Init(I2C_HandleTypeDef*)	48	static
MPU6050.cpp:49:5:int MPU6050_Read_Accel(I2C_HandleTypeDef*, MPU6050_t*)	40	static
MPU6050.cpp:66:5:int MPU6050_Read_Gyro(I2C_HandleTypeDef*, MPU6050_t*)	48	static
MPU6050.cpp:83:5:int MPU6050_Read_Temp(I2C_HandleTypeDef*, MPU6050_t*)	40	static
MPU6050.cpp:98:5:int MPU6050_Read_All(I2C_HandleTypeDef*, MPU6050_t*)	64	static
MPU6050.cpp:123:6:void MPU6050_Calc_Gyro(MPU6050_t*)	16	static
MPU6050.cpp:129:6:void MPU6050_Calc_Temp(MPU6050_t*)	8	static
MPU6050.cpp:133:6:void MPU6050_Calc_Accel(MPU6050_t*)	8	static
MPU6050.cpp:139:6:void MPU6050_Calc_All(MPU6050_t*)	16	static
MPU6050.cpp:145:6:void MPU6050_Calc_Gyro_Bias(I2C_HandleTypeDef*, MPU6050_t*)	80	static
