mpu6050.cpp:22:9:uint8_t MPU6050_Init(I2C_HandleTypeDef*)	48	static
mpu6050.cpp:52:5:int MPU6050_Read_Accel(I2C_HandleTypeDef*, MPU6050_t*)	40	static
mpu6050.cpp:69:5:int MPU6050_Read_Gyro(I2C_HandleTypeDef*, MPU6050_t*)	48	static
mpu6050.cpp:86:5:int MPU6050_Read_Temp(I2C_HandleTypeDef*, MPU6050_t*)	40	static
mpu6050.cpp:101:5:int MPU6050_Read_All(I2C_HandleTypeDef*, MPU6050_t*)	64	static
mpu6050.cpp:122:6:void MPU6050_Calc_Gyro(MPU6050_t*)	16	static
mpu6050.cpp:128:6:void MPU6050_Calc_Temp(MPU6050_t*)	8	static
mpu6050.cpp:132:6:void MPU6050_Calc_Accel(MPU6050_t*)	8	static
mpu6050.cpp:138:6:void MPU6050_Calc_All(MPU6050_t*)	16	static
mpu6050.cpp:144:6:void MPU6050_Calc_Gyro_Bias(I2C_HandleTypeDef*, MPU6050_t*)	80	static
