MPU6050_6Axis_MotionApps_V6_12.hpp:353:9:uint8_t MPU6050::dmpInitialize()	40	static
MPU6050_6Axis_MotionApps_V6_12.hpp:386:6:bool MPU6050::dmpPacketAvailable()	8	static
MPU6050_6Axis_MotionApps_V6_12.hpp:413:9:uint8_t MPU6050::dmpGetAccel(int32_t*, const uint8_t*)	0	static
MPU6050_6Axis_MotionApps_V6_12.hpp:421:9:uint8_t MPU6050::dmpGetAccel(int16_t*, const uint8_t*)	0	static
MPU6050_6Axis_MotionApps_V6_12.hpp:429:9:uint8_t MPU6050::dmpGetAccel(VectorInt16*, const uint8_t*)	0	static
MPU6050_6Axis_MotionApps_V6_12.hpp:437:9:uint8_t MPU6050::dmpGetQuaternion(int32_t*, const uint8_t*)	0	static
MPU6050_6Axis_MotionApps_V6_12.hpp:446:9:uint8_t MPU6050::dmpGetQuaternion(int16_t*, const uint8_t*)	0	static
MPU6050_6Axis_MotionApps_V6_12.hpp:455:9:uint8_t MPU6050::dmpGetQuaternion(Quaternion*, const uint8_t*)	24	static
MPU6050_6Axis_MotionApps_V6_12.hpp:470:9:uint8_t MPU6050::dmpGetGyro(int32_t*, const uint8_t*)	0	static
MPU6050_6Axis_MotionApps_V6_12.hpp:478:9:uint8_t MPU6050::dmpGetGyro(int16_t*, const uint8_t*)	0	static
MPU6050_6Axis_MotionApps_V6_12.hpp:486:9:uint8_t MPU6050::dmpGetGyro(VectorInt16*, const uint8_t*)	0	static
MPU6050_6Axis_MotionApps_V6_12.hpp:496:9:uint8_t MPU6050::dmpGetLinearAccel(VectorInt16*, VectorInt16*, VectorFloat*)	24	static
MPU6050_6Axis_MotionApps_V6_12.hpp:504:9:uint8_t MPU6050::dmpGetLinearAccelInWorld(VectorInt16*, VectorInt16*, Quaternion*)	56	static
MPU6050_6Axis_MotionApps_V6_12.hpp:516:9:uint8_t MPU6050::dmpGetGravity(int16_t*, const uint8_t*)	32	static
MPU6050_6Axis_MotionApps_V6_12.hpp:527:9:uint8_t MPU6050::dmpGetGravity(VectorFloat*, Quaternion*)	32	static
MPU6050_6Axis_MotionApps_V6_12.hpp:538:9:uint8_t MPU6050::dmpGetEuler(float*, Quaternion*)	32	static
MPU6050_6Axis_MotionApps_V6_12.hpp:556:9:uint8_t MPU6050::dmpGetYawPitchRoll(float*, Quaternion*, VectorFloat*)	32	static
MPU6050_6Axis_MotionApps_V6_12.hpp:577:9:uint8_t MPU6050::dmpProcessFIFOPacket(const unsigned char*)	0	static
MPU6050_6Axis_MotionApps_V6_12.hpp:587:9:uint8_t MPU6050::dmpReadAndProcessFIFOPacket(uint8_t, uint8_t*)	32	dynamic
MPU6050_6Axis_MotionApps_V6_12.hpp:612:10:uint16_t MPU6050::dmpGetFIFOPacketSize()	0	static
MPU6050_6Axis_MotionApps_V6_12.hpp:618:9:uint8_t MPU6050::dmpGetCurrentFIFOPacket(uint8_t*)	8	static
main.cpp:129:5:int MPU_Init()	8	static
main.cpp:290:6:void SystemClock_Config()	104	static,ignoring_inline_asm
main.cpp:204:5:int main()	40	static,ignoring_inline_asm
main.cpp:330:6:void HAL_GPIO_EXTI_Callback(uint16_t)	0	static
main.cpp:345:6:void Error_Handler()	0	static,ignoring_inline_asm
main.cpp:352:1:cpp)	8	static
